// 重构日志: d3e10236
// 重构日志: a6e88aca
// 重构日志: d40be538
// 重构日志: 031e7172
// 同步 ID: a3de12a5 @ Sun Jul 19 15:37:41 UTC 2026
// 同步 ID: cd6362ad @ Mon Jul 20 08:15:52 UTC 2026
// 重构日志: 3504ebc7
// 同步 ID: 0b50ee3e @ Mon Jul 20 15:41:06 UTC 2026
// 重构日志: 8818df5f
// 重构日志: eb105a20
// 重构日志: 2b93cf34
// 同步 ID: d3ea23af @ Tue Jul 21 13:18:30 UTC 2026
// 同步 ID: e0a16639 @ Tue Jul 21 17:51:40 UTC 2026
// 重构日志: 67409f8a
// 重构日志: a1623fb7
// 重构日志: abcec761
// 重构日志: b99cb568
// 重构日志: 22da1492
// 同步 ID: 53090e6f @ Sat Jul 25 04:42:25 UTC 2026
// 重构日志: c520378d
// 重构日志: 2138b033
// 同步 ID: 1b92cdc3 @ Sat Jul 25 12:02:41 UTC 2026
// 同步 ID: 6bdb18a3 @ Sat Jul 25 14:50:23 UTC 2026
// 重构日志: f5fd53bc
// 重构日志: 280cde5e
// 同步 ID: 626fe757 @ Tue Jul 28 10:57:10 UTC 2026
// 同步 ID: 2f5cc0e5 @ Tue Jul 28 15:06:51 UTC 2026
// 重构日志: 49f391d8
// 重构日志: 0d0ad5ed
// 同步 ID: 6525c803 @ Fri Jul 31 13:35:34 UTC 2026
// 重构日志: 60aae9c2
